Case #1: POSSIBLE
Case #2: IMPOSSIBLE
Case #3: POSSIBLE
Case #4: POSSIBLE
Case #5: POSSIBLE
Case #6: IMPOSSIBLE
Case #7: POSSIBLE
Case #8: POSSIBLE
Case #9: IMPOSSIBLE
Case #10: POSSIBLE
Case #11: POSSIBLE
Case #12: IMPOSSIBLE
Case #13: IMPOSSIBLE
Case #14: IMPOSSIBLE
Case #15: POSSIBLE
Case #16: POSSIBLE
Case #17: POSSIBLE
Case #18: IMPOSSIBLE
Case #19: IMPOSSIBLE
Case #20: POSSIBLE
