Case #1: IMPOSSIBLE
Case #2: POSSIBLE
Case #3: IMPOSSIBLE
Case #4: POSSIBLE
Case #5: IMPOSSIBLE
Case #6: IMPOSSIBLE
Case #7: POSSIBLE
Case #8: IMPOSSIBLE
Case #9: POSSIBLE
Case #10: IMPOSSIBLE
Case #11: POSSIBLE
Case #12: POSSIBLE
Case #13: POSSIBLE
Case #14: POSSIBLE
Case #15: IMPOSSIBLE
Case #16: POSSIBLE
Case #17: IMPOSSIBLE
Case #18: IMPOSSIBLE
Case #19: POSSIBLE
Case #20: POSSIBLE
Case #21: POSSIBLE
Case #22: POSSIBLE
Case #23: IMPOSSIBLE
Case #24: POSSIBLE
Case #25: IMPOSSIBLE
Case #26: POSSIBLE
Case #27: IMPOSSIBLE
Case #28: IMPOSSIBLE
Case #29: POSSIBLE
Case #30: IMPOSSIBLE
Case #31: IMPOSSIBLE
Case #32: IMPOSSIBLE
Case #33: POSSIBLE
Case #34: IMPOSSIBLE
Case #35: IMPOSSIBLE
Case #36: POSSIBLE
Case #37: POSSIBLE
Case #38: POSSIBLE
Case #39: IMPOSSIBLE
Case #40: POSSIBLE
Case #41: IMPOSSIBLE
Case #42: IMPOSSIBLE
Case #43: POSSIBLE
Case #44: IMPOSSIBLE
Case #45: POSSIBLE
Case #46: IMPOSSIBLE
Case #47: IMPOSSIBLE
Case #48: IMPOSSIBLE
Case #49: POSSIBLE
Case #50: IMPOSSIBLE
Case #51: POSSIBLE
Case #52: POSSIBLE
Case #53: IMPOSSIBLE
Case #54: IMPOSSIBLE
Case #55: POSSIBLE
Case #56: IMPOSSIBLE
Case #57: POSSIBLE
Case #58: POSSIBLE
Case #59: IMPOSSIBLE
Case #60: IMPOSSIBLE
Case #61: IMPOSSIBLE
Case #62: POSSIBLE
Case #63: IMPOSSIBLE
Case #64: IMPOSSIBLE
Case #65: IMPOSSIBLE
Case #66: POSSIBLE
Case #67: POSSIBLE
Case #68: IMPOSSIBLE
Case #69: POSSIBLE
Case #70: IMPOSSIBLE
Case #71: IMPOSSIBLE
Case #72: IMPOSSIBLE
Case #73: IMPOSSIBLE
Case #74: IMPOSSIBLE
Case #75: IMPOSSIBLE
Case #76: POSSIBLE
Case #77: POSSIBLE
Case #78: IMPOSSIBLE
Case #79: IMPOSSIBLE
Case #80: POSSIBLE
Case #81: POSSIBLE
Case #82: IMPOSSIBLE
Case #83: POSSIBLE
Case #84: POSSIBLE
Case #85: POSSIBLE
Case #86: POSSIBLE
Case #87: IMPOSSIBLE
Case #88: POSSIBLE
Case #89: POSSIBLE
Case #90: POSSIBLE
Case #91: IMPOSSIBLE
Case #92: IMPOSSIBLE
Case #93: IMPOSSIBLE
Case #94: POSSIBLE
Case #95: IMPOSSIBLE
Case #96: IMPOSSIBLE
Case #97: POSSIBLE
Case #98: IMPOSSIBLE
Case #99: POSSIBLE
Case #100: POSSIBLE
